Copyright 1986-2022 Xilinx, Inc. All Rights Reserved. Copyright 2022-2025 Advanced Micro Devices, Inc. All Rights Reserved.
---------------------------------------------------------------------------------------------------------------------------------------------
| Tool Version : Vivado v.2025.2 (win64) Build 6299465 Fri Nov 14 19:35:11 GMT 2025
| Date         : Sun Mar  8 23:28:54 2026
| Host         : DESKTOP-9AH11CN running 64-bit major release  (build 9200)
| Command      : report_timing -setup -file synth_report_timing_0.rpt -rpx synth_report_timing_0.rpx
| Design       : riscv32KC2_fpga
| Device       : 7a200t-sbg484
| Speed File   : -1  PRODUCTION 1.23 2018-06-13
| Design State : Synthesized
---------------------------------------------------------------------------------------------------------------------------------------------

Timing Report

Slack:                    inf
  Source:                 u_system/u_riscv_core/u_pipeline/u_final_stage/u_wb/u_regfile/s7_reg[5]/C
                            (rising edge-triggered cell FDCE)
  Destination:            u_system/u_riscv_core/u_iram_sram/memory[1].non_last.mem_reg_0/ADDRBWRADDR[10]
  Path Group:             (none)
  Path Type:              Max at Slow Process Corner
  Data Path Delay:        18.399ns  (logic 5.041ns (27.399%)  route 13.358ns (72.601%))
  Logic Levels:           30  (CARRY4=7 FDCE=1 LUT2=1 LUT3=2 LUT4=4 LUT5=6 LUT6=8 MUXF7=1)

    Location             Delay type                Incr(ns)  Path(ns)    Netlist Resource(s)
  -------------------------------------------------------------------    -------------------
                         FDCE                         0.000     0.000 r  u_system/u_riscv_core/u_pipeline/u_final_stage/u_wb/u_regfile/s7_reg[5]/C
                         FDCE (Prop_fdce_C_Q)         0.340     0.340 r  u_system/u_riscv_core/u_pipeline/u_final_stage/u_wb/u_regfile/s7_reg[5]/Q
                         net (fo=2, unplaced)         0.976     1.316    u_system/u_riscv_core/u_pipeline/u_final_stage/u_wb/u_regfile/s7[5]
                         LUT6 (Prop_lut6_I0_O)        0.295     1.611 r  u_system/u_riscv_core/u_pipeline/u_final_stage/u_wb/u_regfile/i___34_i_16/O
                         net (fo=1, unplaced)         0.000     1.611    u_system/u_riscv_core/u_pipeline/u_final_stage/u_wb/u_regfile/i___34_i_16_n_0
                         MUXF7 (Prop_muxf7_I1_O)      0.247     1.858 r  u_system/u_riscv_core/u_pipeline/u_final_stage/u_wb/u_regfile/i___34_i_6/O
                         net (fo=1, unplaced)         0.905     2.763    u_system/u_riscv_core/u_pipeline/u_final_stage/u_wb/u_regfile/i___34_i_6_n_0
                         LUT6 (Prop_lut6_I1_O)        0.298     3.061 r  u_system/u_riscv_core/u_pipeline/u_final_stage/u_wb/u_regfile/i___34_i_3/O
                         net (fo=5, unplaced)         0.477     3.538    u_system/u_riscv_core/u_pipeline/u_if_id_pc_imm_regs/rs2_data[0]
                         LUT3 (Prop_lut3_I2_O)        0.116     3.654 r  u_system/u_riscv_core/u_pipeline/u_if_id_pc_imm_regs/i___34_i_1/O
                         net (fo=117, unplaced)       0.552     4.206    u_system/u_riscv_core/u_pipeline/u_final_stage/pp_gp7_reg[63][0]
                         LUT2 (Prop_lut2_I1_O)        0.124     4.330 r  u_system/u_riscv_core/u_pipeline/u_final_stage/i___116/O
                         net (fo=1, unplaced)         0.000     4.330    u_system/u_riscv_core/u_pipeline/u_final_stage/u_exu/u_alu/memory[1].non_last.mem_reg_0_i_107_1[1]
                         CARRY4 (Prop_carry4_S[1]_CO[3])
                                                      0.533     4.863 r  u_system/u_riscv_core/u_pipeline/u_final_stage/u_exu/u_alu/result0_inferred__0/i__carry__0/CO[3]
                         net (fo=1, unplaced)         0.000     4.863    u_system/u_riscv_core/u_pipeline/u_final_stage/u_exu/u_alu/result0_inferred__0/i__carry__0_n_0
                         CARRY4 (Prop_carry4_CI_CO[3])
                                                      0.117     4.980 r  u_system/u_riscv_core/u_pipeline/u_final_stage/u_exu/u_alu/result0_inferred__0/i__carry__1/CO[3]
                         net (fo=1, unplaced)         0.000     4.980    u_system/u_riscv_core/u_pipeline/u_final_stage/u_exu/u_alu/result0_inferred__0/i__carry__1_n_0
                         CARRY4 (Prop_carry4_CI_CO[3])
                                                      0.117     5.097 r  u_system/u_riscv_core/u_pipeline/u_final_stage/u_exu/u_alu/result0_inferred__0/i__carry__2/CO[3]
                         net (fo=1, unplaced)         0.000     5.097    u_system/u_riscv_core/u_pipeline/u_final_stage/u_exu/u_alu/result0_inferred__0/i__carry__2_n_0
                         CARRY4 (Prop_carry4_CI_CO[3])
                                                      0.117     5.214 r  u_system/u_riscv_core/u_pipeline/u_final_stage/u_exu/u_alu/result0_inferred__0/i__carry__3/CO[3]
                         net (fo=1, unplaced)         0.000     5.214    u_system/u_riscv_core/u_pipeline/u_final_stage/u_exu/u_alu/result0_inferred__0/i__carry__3_n_0
                         CARRY4 (Prop_carry4_CI_CO[3])
                                                      0.117     5.331 r  u_system/u_riscv_core/u_pipeline/u_final_stage/u_exu/u_alu/result0_inferred__0/i__carry__4/CO[3]
                         net (fo=1, unplaced)         0.000     5.331    u_system/u_riscv_core/u_pipeline/u_final_stage/u_exu/u_alu/result0_inferred__0/i__carry__4_n_0
                         CARRY4 (Prop_carry4_CI_CO[3])
                                                      0.117     5.448 r  u_system/u_riscv_core/u_pipeline/u_final_stage/u_exu/u_alu/result0_inferred__0/i__carry__5/CO[3]
                         net (fo=1, unplaced)         0.000     5.448    u_system/u_riscv_core/u_pipeline/u_final_stage/u_exu/u_alu/result0_inferred__0/i__carry__5_n_0
                         CARRY4 (Prop_carry4_CI_O[0])
                                                      0.232     5.680 r  u_system/u_riscv_core/u_pipeline/u_final_stage/u_exu/u_alu/result0_inferred__0/i__carry__6/O[0]
                         net (fo=1, unplaced)         0.470     6.150    u_system/u_riscv_core/u_pipeline/u_if_id_ctrl_regs/awaddr_reg[31]_1[14]
                         LUT5 (Prop_lut5_I2_O)        0.295     6.445 r  u_system/u_riscv_core/u_pipeline/u_if_id_ctrl_regs/r_araddr[28]_i_7/O
                         net (fo=1, unplaced)         0.449     6.894    u_system/u_riscv_core/u_pipeline/u_if_id_ctrl_regs/r_araddr[28]_i_7_n_0
                         LUT6 (Prop_lut6_I5_O)        0.124     7.018 r  u_system/u_riscv_core/u_pipeline/u_if_id_ctrl_regs/r_araddr[28]_i_4/O
                         net (fo=1, unplaced)         0.449     7.467    u_system/u_riscv_core/u_pipeline/u_if_id_ctrl_regs/r_araddr[28]_i_4_n_0
                         LUT4 (Prop_lut4_I3_O)        0.124     7.591 r  u_system/u_riscv_core/u_pipeline/u_if_id_ctrl_regs/r_araddr[28]_i_1/O
                         net (fo=10, unplaced)        0.945     8.536    u_system/u_riscv_core/u_pipeline/u_if_id_ctrl_regs/r_data_reg[3]_18
                         LUT4 (Prop_lut4_I0_O)        0.124     8.660 r  u_system/u_riscv_core/u_pipeline/u_if_id_ctrl_regs/memory[1].non_last.mem_reg_0_i_34__0/O
                         net (fo=49, unplaced)        0.984     9.644    u_system/u_riscv_core/u_pipeline/u_if_id_ctrl_regs/memory[1].non_last.mem_reg_0_i_34__0_n_0
                         LUT5 (Prop_lut5_I1_O)        0.124     9.768 r  u_system/u_riscv_core/u_pipeline/u_if_id_ctrl_regs/s_wait_rvalid_i_2/O
                         net (fo=32, unplaced)        0.520    10.288    u_system/u_riscv_core/u_pipeline/u_final_stage/mem_rvalid
                         LUT4 (Prop_lut4_I0_O)        0.124    10.412 r  u_system/u_riscv_core/u_pipeline/u_final_stage/i___1_i_2/O
                         net (fo=4, unplaced)         0.473    10.885    u_system/u_riscv_core/u_pipeline/u_final_stage/i___1_i_2_n_0
                         LUT4 (Prop_lut4_I2_O)        0.124    11.009 f  u_system/u_riscv_core/u_pipeline/u_final_stage/debug_mode_i_2/O
                         net (fo=53, unplaced)        0.533    11.542    u_system/u_riscv_core/u_pipeline/u_final_stage/u_exu/u_multdiv/u_multiplier/r_data_reg[64]_8
                         LUT6 (Prop_lut6_I5_O)        0.124    11.666 r  u_system/u_riscv_core/u_pipeline/u_final_stage/u_exu/u_multdiv/u_multiplier/if_restore_mis_target[31]_i_4/O
                         net (fo=36, unplaced)        0.976    12.642    u_system/u_riscv_core/u_pipeline/u_final_stage/u_exu/u_multdiv/u_multiplier/step_entry_debug_mode_reg
                         LUT6 (Prop_lut6_I2_O)        0.124    12.766 r  u_system/u_riscv_core/u_pipeline/u_final_stage/u_exu/u_multdiv/u_multiplier/r_araddr[31]_i_2__0/O
                         net (fo=6, unplaced)         0.481    13.247    u_system/u_riscv_core/u_pipeline/u_final_stage/u_exu/u_multdiv/u_multiplier/r_data_reg[14]
                         LUT5 (Prop_lut5_I3_O)        0.124    13.371 f  u_system/u_riscv_core/u_pipeline/u_final_stage/u_exu/u_multdiv/u_multiplier/buf_instr[31]_i_4/O
                         net (fo=1, unplaced)         0.449    13.820    u_system/u_riscv_core/u_pipeline/u_final_stage/u_exu/u_multdiv/u_multiplier/buf_instr[31]_i_4_n_0
                         LUT5 (Prop_lut5_I0_O)        0.124    13.944 f  u_system/u_riscv_core/u_pipeline/u_final_stage/u_exu/u_multdiv/u_multiplier/buf_instr[31]_i_2/O
                         net (fo=40, unplaced)        0.526    14.470    u_system/u_riscv_core/u_pipeline/u_if_stage/u_fetch_pc/E[0]
                         LUT5 (Prop_lut5_I4_O)        0.124    14.594 r  u_system/u_riscv_core/u_pipeline/u_if_stage/u_fetch_pc/if_restore_mis_target[31]_i_7/O
                         net (fo=2, unplaced)         0.460    15.054    u_system/u_riscv_core/u_pipeline/u_if_stage/u_fetch_pc/if_restore_mis_target[31]_i_7_n_0
                         LUT6 (Prop_lut6_I5_O)        0.124    15.178 f  u_system/u_riscv_core/u_pipeline/u_if_stage/u_fetch_pc/if_restore_mis_target[31]_i_5/O
                         net (fo=2, unplaced)         0.460    15.638    u_system/u_riscv_core/u_pipeline/u_final_stage/u_exu/u_multdiv/u_multiplier/if_restore_mis_target_reg[31]_0
                         LUT3 (Prop_lut3_I2_O)        0.116    15.754 r  u_system/u_riscv_core/u_pipeline/u_final_stage/u_exu/u_multdiv/u_multiplier/r_stop_fetch_update_1P_i_2/O
                         net (fo=8, unplaced)         0.487    16.241    u_system/u_riscv_core/u_pipeline/u_if_stage/u_fetch_pc/r_stop_fetch_update_1P_reg_3
                         LUT5 (Prop_lut5_I0_O)        0.124    16.365 r  u_system/u_riscv_core/u_pipeline/u_if_stage/u_fetch_pc/r_araddr[31]_i_3__0/O
                         net (fo=4, unplaced)         0.473    16.838    u_system/u_riscv_core/u_pipeline/u_if_id_ctrl_regs/ifetch_rvalid
                         LUT6 (Prop_lut6_I4_O)        0.124    16.962 r  u_system/u_riscv_core/u_pipeline/u_if_id_ctrl_regs/memory[1].non_last.mem_reg_0_i_27/O
                         net (fo=24, unplaced)        0.513    17.475    u_system/u_riscv_core/u_pipeline/u_if_id_ctrl_regs/r_data_reg[9]_0
                         LUT6 (Prop_lut6_I4_O)        0.124    17.599 r  u_system/u_riscv_core/u_pipeline/u_if_id_ctrl_regs/memory[1].non_last.mem_reg_0_i_18__0/O
                         net (fo=4, unplaced)         0.800    18.399    u_system/u_riscv_core/u_iram_sram/ADDRBWRADDR[7]
                         RAMB36E1                                     r  u_system/u_riscv_core/u_iram_sram/memory[1].non_last.mem_reg_0/ADDRBWRADDR[10]
  -------------------------------------------------------------------    -------------------




